------------------------------------------------------------
[1mRunning tests...[0m
------------------------------------------------------------
[1mTest results:[0m
  [38;5;1m❌  theChosen: WrongOutput[0m
------------------------------------------------------------
[1mSummary:[0m
  ❌  (Failure): 1 / 1
